.next/types/validator.ts(53,39): error TS2307: Cannot find module '../../app/(dashboard)/management/page.js' or its corresponding type declarations.
.next/types/validator.ts(71,39): error TS2307: Cannot find module '../../app/(dashboard)/trainer/page.js' or its corresponding type declarations.
